// Jest Snapshot v1, https://goo.gl/fbAQLP

exports[`Prueba de <GifItem /> Debe de hacer match con el Snapshot 1`] = `
<div>
  <div
    class="card"
  >
    <img
      alt="goku"
      src="https://github.com/"
    />
    <p>
      goku
    </p>
  </div>
</div>
`;
